[dotenv@17.2.3] injecting env (2) from .env -- tip: ΓÜÖ∩╕Å  suppress all logs with { quiet: true }
API Key length: 39
API Key start: AIzaS

Testing model: gemini-1.5-flash...
node : FAILED with 
gemini-1.5-flash: 
[GoogleGenerativeAI 
Error]: Error 
fetching from https:/
/generativelanguage.g
oogleapis.com/v1beta/
models/gemini-1.5-fla
sh:generateContent: 
[404 Not Found] model
s/gemini-1.5-flash 
is not found for API 
version v1beta, or 
is not supported for 
generateContent. 
Call ListModels to 
see the list of 
available models and 
their supported 
methods. (Status: 
404)
At line:1 char:1
+ node 
test_gemini.js > 
test_output.txt 2>&1
+ ~~~~~~~~~~~~~~~~~~~
~~~~~~~~~~~~~~~~~~~~~
~~
    + CategoryInfo   
           : NotSpe  
  cified: (FAILED    
 with gem.... (St    
atus: 404):Strin    
g) [], RemoteExc    
eption
    + FullyQualified 
   ErrorId : Native  
  CommandError
 

Testing model: gemini-pro...
FAILED with 
gemini-pro: 
[GoogleGenerativeAI 
Error]: Error 
fetching from https:/
/generativelanguage.g
oogleapis.com/v1beta/
models/gemini-pro:gen
erateContent: [404 
Not Found] 
models/gemini-pro is 
not found for API 
version v1beta, or 
is not supported for 
generateContent. 
Call ListModels to 
see the list of 
available models and 
their supported 
methods. (Status: 
404)

Testing model: gemini-1.0-pro...
FAILED with 
gemini-1.0-pro: 
[GoogleGenerativeAI 
Error]: Error 
fetching from https:/
/generativelanguage.g
oogleapis.com/v1beta/
models/gemini-1.0-pro
:generateContent: 
[404 Not Found] model
s/gemini-1.0-pro is 
not found for API 
version v1beta, or 
is not supported for 
generateContent. 
Call ListModels to 
see the list of 
available models and 
their supported 
methods. (Status: 
404)
